// Jest Snapshot v1, https://goo.gl/fbAQLP

exports[`movies application shows movie list 1`] = `"<h1>List movies</h1>"`;
